// Jest Snapshot v1, https://goo.gl/fbAQLP

exports[`generatePOT should return right POT content 1`] = `
"#: index.js:13
msgid \\"All work is done!\\"
msgstr \\"\\"
#: ../src/controller/runner.js:31
#: ../src/controller/runner.js:45
msgid \\"You have no more pending tasks for now!\\"
msgstr \\"\\"
#: ../../src/bootstrap.js:22
msgid \\"Logout\\"
msgstr \\"\\"
#: ../../src/bootstrap.js:12
msgid \\"Remove test\\"
msgid_plural \\"Remove tests\\"
msgstr[0] \\"\\"
#: ../../src/bootstrap-duplicates.js:123
msgid \\"Remove test\\"
msgid_plural \\"Remove the tests\\"
msgstr[0] \\"\\"
#: ../../src/bootstrap-duplicates.js:1234
msgid \\"Remove a test\\"
msgid_plural \\"Remove tests\\"
msgstr[0] \\"\\"
"
`;
